// Jest Snapshot v1, https://goo.gl/fbAQLP

exports[`Pruebas sobre el archivo CounterApp Debe de hacer match con el snapshoot. 1`] = `
<div>
  <h1>
    CounterApp
  </h1>
  <h2>
     
    100
     
  </h2>
  <button>
    +1
  </button>
  <button>
    -1
  </button>
  <button>
    Reset
  </button>
</div>
`;
