// Jest Snapshot v1, https://goo.gl/fbAQLP

exports[`Pruebas en FirstApp /> Debe de hacer match con el snapshot 1`] = `
<div>
  <div
    data-testid="test-title"
  >
    Hola, soy Vegeta
  </div>
  <h1>
    Rafa
  </h1>
  <p>
    Soy el mismo OBJ
  </p>
</div>
`;
